3
3
30
2
2
20
__unable to follow object expression__
10
