aValbValcVal__Unable to resolve identifier to variable__eValfVal